<?xml version='1.0' encoding='UTF-8'?>
<testsuites>
<testsuite errors="0" package="" tests="4" name="unit" time="0.000000" hostname="localhost" id="0" timestamp="2023-07-18T10:28:11" failures="0">
<properties/>
<testcase name="monkey.blog.test.main-test/handler" classname="monkey.blog.test.main-test" time="0.000000">
</testcase>
<testcase name="monkey.blog.test.main-test/-main" classname="monkey.blog.test.main-test" time="0.000000">
</testcase>
<testcase name="monkey.blog.test.api-test/get-entry" classname="monkey.blog.test.api-test" time="0.000000">
</testcase>
<testcase name="monkey.blog.test.api-test/list-entries" classname="monkey.blog.test.api-test" time="0.000000">
</testcase>
<system-out>
</system-out>
<system-err/>
</testsuite>
</testsuites>
